Determining if the pthread_create exist failed with the following output:
Change Dir: /home/brendan/Documents/Sal_OOT/gr38/gr-predistort/build/CMakeFiles/CMakeTmp

Run Build Command:"/usr/bin/make" "cmTC_dde06/fast"
/usr/bin/make -f CMakeFiles/cmTC_dde06.dir/build.make CMakeFiles/cmTC_dde06.dir/build
make[1]: Entering directory '/home/brendan/Documents/Sal_OOT/gr38/gr-predistort/build/CMakeFiles/CMakeTmp'
Building C object CMakeFiles/cmTC_dde06.dir/CheckSymbolExists.c.o
/usr/bin/cc   -std=gnu11 -o CMakeFiles/cmTC_dde06.dir/CheckSymbolExists.c.o   -c /home/brendan/Documents/Sal_OOT/gr38/gr-predistort/build/CMakeFiles/CMakeTmp/CheckSymbolExists.c
Linking C executable cmTC_dde06
/usr/bin/cmake -E cmake_link_script CMakeFiles/cmTC_dde06.dir/link.txt --verbose=1
/usr/bin/cc      CMakeFiles/cmTC_dde06.dir/CheckSymbolExists.c.o  -o cmTC_dde06 
CMakeFiles/cmTC_dde06.dir/CheckSymbolExists.c.o: In function `main':
CheckSymbolExists.c:(.text+0x1b): undefined reference to `pthread_create'
collect2: error: ld returned 1 exit status
CMakeFiles/cmTC_dde06.dir/build.make:97: recipe for target 'cmTC_dde06' failed
make[1]: *** [cmTC_dde06] Error 1
make[1]: Leaving directory '/home/brendan/Documents/Sal_OOT/gr38/gr-predistort/build/CMakeFiles/CMakeTmp'
Makefile:126: recipe for target 'cmTC_dde06/fast' failed
make: *** [cmTC_dde06/fast] Error 2

File /home/brendan/Documents/Sal_OOT/gr38/gr-predistort/build/CMakeFiles/CMakeTmp/CheckSymbolExists.c:
/* */
#include <pthread.h>

int main(int argc, char** argv)
{
  (void)argv;
#ifndef pthread_create
  return ((int*)(&pthread_create))[argc];
#else
  (void)argc;
  return 0;
#endif
}

Determining if the function pthread_create exists in the pthreads failed with the following output:
Change Dir: /home/brendan/Documents/Sal_OOT/gr38/gr-predistort/build/CMakeFiles/CMakeTmp

Run Build Command:"/usr/bin/make" "cmTC_391e5/fast"
/usr/bin/make -f CMakeFiles/cmTC_391e5.dir/build.make CMakeFiles/cmTC_391e5.dir/build
make[1]: Entering directory '/home/brendan/Documents/Sal_OOT/gr38/gr-predistort/build/CMakeFiles/CMakeTmp'
Building C object CMakeFiles/cmTC_391e5.dir/CheckFunctionExists.c.o
/usr/bin/cc   -DCHECK_FUNCTION_EXISTS=pthread_create   -std=gnu11 -o CMakeFiles/cmTC_391e5.dir/CheckFunctionExists.c.o   -c /usr/share/cmake-3.10/Modules/CheckFunctionExists.c
Linking C executable cmTC_391e5
/usr/bin/cmake -E cmake_link_script CMakeFiles/cmTC_391e5.dir/link.txt --verbose=1
/usr/bin/cc  -DCHECK_FUNCTION_EXISTS=pthread_create    CMakeFiles/cmTC_391e5.dir/CheckFunctionExists.c.o  -o cmTC_391e5 -lpthreads 
/usr/bin/ld: cannot find -lpthreads
collect2: error: ld returned 1 exit status
CMakeFiles/cmTC_391e5.dir/build.make:97: recipe for target 'cmTC_391e5' failed
make[1]: *** [cmTC_391e5] Error 1
make[1]: Leaving directory '/home/brendan/Documents/Sal_OOT/gr38/gr-predistort/build/CMakeFiles/CMakeTmp'
Makefile:126: recipe for target 'cmTC_391e5/fast' failed
make: *** [cmTC_391e5/fast] Error 2


